// Jest Snapshot v1, https://goo.gl/fbAQLP

exports[`Should render GetPdfData correctlly Render 'Download PDF' button on Admin UserType 1`] = `[Function]`;
